---
source: minidump-stackwalk/tests/test-minidump-stackwalk.rs
expression: stdout
---
{
  "crash_info": {
    "address": "0x0000000000000045",
    "adjusted_address": null,
    "assertion": null,
    "crash_inconsistencies": [],
    "crashing_thread": 0,
    "instruction": "mov dword [0x45], 0x5",
    "instruction_pointer_update": null,
    "memory_accesses": [
      {
        "access_type": "write",
        "address": "0x0000000000000045",
        "size": 4
      }
    ],
    "possible_bit_flips": [
      {
        "address": "0x0000000000400045",
        "confidence": 0.25,
        "details": {
          "is_null": false,
          "nearby_registers": 0,
          "poison_registers": false,
          "was_low": false,
          "was_non_canonical": false
        },
        "source_register": null
      }
    ],
    "type": "SIGSEGV"
  },
  "crashing_thread": {
    "frame_count": 15,
    "frames": [
      {
        "file": null,
        "frame": 0,
        "function": null,
        "function_offset": null,
        "inlines": null,
        "line": null,
        "missing_symbols": true,
        "module": "crash",
        "module_offset": "0x0000000000001d72",
        "offset": "0x0000000000401d72",
        "registers": {
          "r10": "0x0000000000000131",
          "r11": "0x00007f5140aca4c0",
          "r12": "0x0000000000401dc0",
          "r13": "0x00007fff5ae4ac90",
          "r14": "0x00007fff5ae4aab0",
          "r15": "0x0000000000000000",
          "r8": "0x0000000000000000",
          "r9": "0x0000000000000000",
          "rax": "0xffffffffffffffff",
          "rbp": "0x00007fff5ae4abb0",
          "rbx": "0x00007fff5ae4aa20",
          "rcx": "0x00007f5140521b20",
          "rdi": "0x00007fff5ae4aab0",
          "rdx": "0x00007f5140efc000",
          "rip": "0x0000000000401d72",
          "rsi": "0x0000000000000000",
          "rsp": "0x00007fff5ae4aa20"
        },
        "trust": "context",
        "unloaded_modules": null
      },
      {
        "file": null,
        "frame": 1,
        "function": null,
        "function_offset": null,
        "inlines": null,
        "line": null,
        "missing_symbols": true,
        "module": "libc-2.23.so",
        "module_offset": "0x00000000000f302d",
        "offset": "0x00007f514025002d",
        "trust": "scan",
        "unloaded_modules": null
      },
      {
        "file": null,
        "frame": 2,
        "function": null,
        "function_offset": null,
        "inlines": null,
        "line": null,
        "missing_symbols": true,
        "module": "libc-2.23.so",
        "module_offset": "0x00000000000877ff",
        "offset": "0x00007f51401e47ff",
        "trust": "scan",
        "unloaded_modules": null
      },
      {
        "file": null,
        "frame": 3,
        "function": null,
        "function_offset": null,
        "inlines": null,
        "line": null,
        "missing_symbols": true,
        "module": "ld-2.23.so",
        "module_offset": "0x000000000000fac5",
        "offset": "0x00007f5140cebac5",
        "trust": "scan",
        "unloaded_modules": null
      },
      {
        "file": null,
        "frame": 4,
        "function": null,
        "function_offset": null,
        "inlines": null,
        "line": null,
        "missing_symbols": true,
        "module": "crash",
        "module_offset": "0x0000000000001ebf",
        "offset": "0x0000000000401ebf",
        "trust": "scan",
        "unloaded_modules": null
      },
      {
        "file": null,
        "frame": 5,
        "function": null,
        "function_offset": null,
        "inlines": null,
        "line": null,
        "missing_symbols": true,
        "module": "crash",
        "module_offset": "0x0000000000014c2f",
        "offset": "0x0000000000414c2f",
        "trust": "scan",
        "unloaded_modules": null
      },
      {
        "file": null,
        "frame": 6,
        "function": null,
        "function_offset": null,
        "inlines": null,
        "line": null,
        "missing_symbols": true,
        "module": "libc-2.23.so",
        "module_offset": "0x000000000002082f",
        "offset": "0x00007f514017d82f",
        "trust": "scan",
        "unloaded_modules": null
      },
      {
        "file": null,
        "frame": 7,
        "function": null,
        "function_offset": null,
        "inlines": null,
        "line": null,
        "missing_symbols": true,
        "module": "crash",
        "module_offset": "0x0000000000001c6f",
        "offset": "0x0000000000401c6f",
        "trust": "scan",
        "unloaded_modules": null
      },
      {
        "file": null,
        "frame": 8,
        "function": null,
        "function_offset": null,
        "inlines": null,
        "line": null,
        "missing_symbols": true,
        "module": "crash",
        "module_offset": "0x0000000000001dbf",
        "offset": "0x0000000000401dbf",
        "trust": "scan",
        "unloaded_modules": null
      },
      {
        "file": null,
        "frame": 9,
        "function": null,
        "function_offset": null,
        "inlines": null,
        "line": null,
        "missing_symbols": true,
        "module": "crash",
        "module_offset": "0x0000000000001c6f",
        "offset": "0x0000000000401c6f",
        "trust": "scan",
        "unloaded_modules": null
      },
      {
        "file": null,
        "frame": 10,
        "function": null,
        "function_offset": null,
        "inlines": null,
        "line": null,
        "missing_symbols": true,
        "module": "crash",
        "module_offset": "0x0000000000014c9f",
        "offset": "0x0000000000414c9f",
        "trust": "scan",
        "unloaded_modules": null
      },
      {
        "file": null,
        "frame": 11,
        "function": null,
        "function_offset": null,
        "inlines": null,
        "line": null,
        "missing_symbols": true,
        "module": "crash",
        "module_offset": "0x0000000000001dbf",
        "offset": "0x0000000000401dbf",
        "trust": "scan",
        "unloaded_modules": null
      },
      {
        "file": null,
        "frame": 12,
        "function": null,
        "function_offset": null,
        "inlines": null,
        "line": null,
        "missing_symbols": true,
        "module": "crash",
        "module_offset": "0x0000000000001de8",
        "offset": "0x0000000000401de8",
        "trust": "scan",
        "unloaded_modules": null
      },
      {
        "file": null,
        "frame": 13,
        "function": null,
        "function_offset": null,
        "inlines": null,
        "line": null,
        "missing_symbols": true,
        "module": "crash",
        "module_offset": "0x000000000000003f",
        "offset": "0x000000000040003f",
        "trust": "scan",
        "unloaded_modules": null
      },
      {
        "file": null,
        "frame": 14,
        "function": null,
        "function_offset": null,
        "inlines": null,
        "line": null,
        "missing_symbols": true,
        "module": "crash",
        "module_offset": "0x0000000000001dbf",
        "offset": "0x0000000000401dbf",
        "trust": "scan",
        "unloaded_modules": null
      }
    ],
    "last_error_value": null,
    "thread_id": 1304,
    "thread_name": null,
    "threads_index": 0
  },
  "handles": null,
  "linux_memory_map_count": 35,
  "lsb_release": {
    "codename": "xenial",
    "description": "Ubuntu 16.04.3 LTS",
    "id": "Ubuntu",
    "release": "16.04"
  },
  "mac_boot_args": null,
  "mac_crash_info": null,
  "main_module": 0,
  "modules": [
    {
      "base_addr": "0x0000000000400000",
      "cert_subject": null,
      "code_id": "f1c3bcc0279865fe3058404b2831d9e64135386c",
      "corrupt_symbols": false,
      "debug_file": "crash",
      "debug_id": "C0BCC3F19827FE653058404B2831D9E60",
      "end_addr": "0x000000000041a000",
      "filename": "crash",
      "loaded_symbols": false,
      "missing_symbols": false,
      "symbol_url": null,
      "version": null
    },
    {
      "base_addr": "0x00007f513fe54000",
      "cert_subject": null,
      "code_id": "dfb85de42daffd09640c8fe377d572de3e168920",
      "corrupt_symbols": false,
      "debug_file": "libm-2.23.so",
      "debug_id": "E45DB8DFAF2D09FD640C8FE377D572DE0",
      "end_addr": "0x00007f513ff5c000",
      "filename": "libm-2.23.so",
      "loaded_symbols": false,
      "missing_symbols": false,
      "symbol_url": null,
      "version": null
    },
    {
      "base_addr": "0x00007f514015d000",
      "cert_subject": null,
      "code_id": "b5381a457906d279073822a5ceb24c4bfef94ddb",
      "corrupt_symbols": false,
      "debug_file": "libc-2.23.so",
      "debug_id": "451A38B5067979D2073822A5CEB24C4B0",
      "end_addr": "0x00007f514031d000",
      "filename": "libc-2.23.so",
      "loaded_symbols": false,
      "missing_symbols": false,
      "symbol_url": null,
      "version": null
    },
    {
      "base_addr": "0x00007f5140527000",
      "cert_subject": null,
      "code_id": "68220ae2c65d65c1b6aaa12fa6765a6ec2f5f434",
      "corrupt_symbols": false,
      "debug_file": "libgcc_s.so.1",
      "debug_id": "E20A22685DC6C165B6AAA12FA6765A6E0",
      "end_addr": "0x00007f514053d000",
      "filename": "libgcc_s.so.1",
      "loaded_symbols": false,
      "missing_symbols": false,
      "symbol_url": null,
      "version": null
    },
    {
      "base_addr": "0x00007f514073d000",
      "cert_subject": null,
      "code_id": "cb93c881929b523c01acef171b52d5261f026029",
      "corrupt_symbols": false,
      "debug_file": "libstdc++.so.6.0.21",
      "debug_id": "81C893CB9B923C5201ACEF171B52D5260",
      "end_addr": "0x00007f51408af000",
      "filename": "libstdc++.so.6.0.21",
      "loaded_symbols": false,
      "missing_symbols": false,
      "symbol_url": null,
      "version": null
    },
    {
      "base_addr": "0x00007f5140abf000",
      "cert_subject": null,
      "code_id": "ce17e023542265fc11d9bc8f534bb4f070493d30",
      "corrupt_symbols": false,
      "debug_file": "libpthread-2.23.so",
      "debug_id": "23E017CE2254FC6511D9BC8F534BB4F00",
      "end_addr": "0x00007f5140ad7000",
      "filename": "libpthread-2.23.so",
      "loaded_symbols": false,
      "missing_symbols": false,
      "symbol_url": null,
      "version": null
    },
    {
      "base_addr": "0x00007f5140cdc000",
      "cert_subject": null,
      "code_id": "5d7b6259552275a3c17bd4c3fd05f5a6bf40caa5",
      "corrupt_symbols": false,
      "debug_file": "ld-2.23.so",
      "debug_id": "59627B5D2255A375C17BD4C3FD05F5A60",
      "end_addr": "0x00007f5140d02000",
      "filename": "ld-2.23.so",
      "loaded_symbols": false,
      "missing_symbols": false,
      "symbol_url": null,
      "version": null
    },
    {
      "base_addr": "0x00007fff5aef1000",
      "cert_subject": null,
      "code_id": "6c5f1875b9048fb4b8dfd832e74ad31a9aafb38f",
      "corrupt_symbols": false,
      "debug_file": "linux-gate.so",
      "debug_id": "75185F6C04B9B48FB8DFD832E74AD31A0",
      "end_addr": "0x00007fff5aef3000",
      "filename": "linux-gate.so",
      "loaded_symbols": false,
      "missing_symbols": false,
      "symbol_url": null,
      "version": null
    }
  ],
  "modules_contains_cert_info": false,
  "pid": 1304,
  "proc_limits": null,
  "soft_errors": [
    {
      "InitErrors": [
        {
          "StopProcessFailed": {
            "Stop": "EPERM"
          }
        },
        {
          "FillMissingAuxvInfoErrors": [
            "InvalidFormat"
          ]
        },
        {
          "EnumerateThreadsErrors": [
            {
              "ReadThreadNameFailed": "Custom {\n    kind: Other,\n    error: \"testing requested failure reading thread name\",\n}"
            }
          ]
        }
      ]
    },
    {
      "SuspendThreadsErrors": [
        {
          "PtraceAttachError": [
            1234,
            "EPERM"
          ]
        }
      ]
    },
    {
      "WriteSystemInfoErrors": [
        {
          "WriteCpuInformationFailed": {
            "IOError": "Custom {\n    kind: Other,\n    error: \"test requested cpuinfo file failure\",\n}"
          }
        }
      ]
    }
  ],
  "status": "OK",
  "system_info": {
    "cpu_arch": "amd64",
    "cpu_count": 4,
    "cpu_info": "family 6 model 70 stepping 1",
    "cpu_microcode_version": null,
    "os": "Linux",
    "os_ver": "4.9.60-linuxkit-aufs #1 SMP Mon Nov 6 16:00:12 UTC 2017"
  },
  "thread_count": 1,
  "threads": [
    {
      "frame_count": 15,
      "frames": [
        {
          "file": null,
          "frame": 0,
          "function": null,
          "function_offset": null,
          "inlines": null,
          "line": null,
          "missing_symbols": true,
          "module": "crash",
          "module_offset": "0x0000000000001d72",
          "offset": "0x0000000000401d72",
          "trust": "context",
          "unloaded_modules": null
        },
        {
          "file": null,
          "frame": 1,
          "function": null,
          "function_offset": null,
          "inlines": null,
          "line": null,
          "missing_symbols": true,
          "module": "libc-2.23.so",
          "module_offset": "0x00000000000f302d",
          "offset": "0x00007f514025002d",
          "trust": "scan",
          "unloaded_modules": null
        },
        {
          "file": null,
          "frame": 2,
          "function": null,
          "function_offset": null,
          "inlines": null,
          "line": null,
          "missing_symbols": true,
          "module": "libc-2.23.so",
          "module_offset": "0x00000000000877ff",
          "offset": "0x00007f51401e47ff",
          "trust": "scan",
          "unloaded_modules": null
        },
        {
          "file": null,
          "frame": 3,
          "function": null,
          "function_offset": null,
          "inlines": null,
          "line": null,
          "missing_symbols": true,
          "module": "ld-2.23.so",
          "module_offset": "0x000000000000fac5",
          "offset": "0x00007f5140cebac5",
          "trust": "scan",
          "unloaded_modules": null
        },
        {
          "file": null,
          "frame": 4,
          "function": null,
          "function_offset": null,
          "inlines": null,
          "line": null,
          "missing_symbols": true,
          "module": "crash",
          "module_offset": "0x0000000000001ebf",
          "offset": "0x0000000000401ebf",
          "trust": "scan",
          "unloaded_modules": null
        },
        {
          "file": null,
          "frame": 5,
          "function": null,
          "function_offset": null,
          "inlines": null,
          "line": null,
          "missing_symbols": true,
          "module": "crash",
          "module_offset": "0x0000000000014c2f",
          "offset": "0x0000000000414c2f",
          "trust": "scan",
          "unloaded_modules": null
        },
        {
          "file": null,
          "frame": 6,
          "function": null,
          "function_offset": null,
          "inlines": null,
          "line": null,
          "missing_symbols": true,
          "module": "libc-2.23.so",
          "module_offset": "0x000000000002082f",
          "offset": "0x00007f514017d82f",
          "trust": "scan",
          "unloaded_modules": null
        },
        {
          "file": null,
          "frame": 7,
          "function": null,
          "function_offset": null,
          "inlines": null,
          "line": null,
          "missing_symbols": true,
          "module": "crash",
          "module_offset": "0x0000000000001c6f",
          "offset": "0x0000000000401c6f",
          "trust": "scan",
          "unloaded_modules": null
        },
        {
          "file": null,
          "frame": 8,
          "function": null,
          "function_offset": null,
          "inlines": null,
          "line": null,
          "missing_symbols": true,
          "module": "crash",
          "module_offset": "0x0000000000001dbf",
          "offset": "0x0000000000401dbf",
          "trust": "scan",
          "unloaded_modules": null
        },
        {
          "file": null,
          "frame": 9,
          "function": null,
          "function_offset": null,
          "inlines": null,
          "line": null,
          "missing_symbols": true,
          "module": "crash",
          "module_offset": "0x0000000000001c6f",
          "offset": "0x0000000000401c6f",
          "trust": "scan",
          "unloaded_modules": null
        },
        {
          "file": null,
          "frame": 10,
          "function": null,
          "function_offset": null,
          "inlines": null,
          "line": null,
          "missing_symbols": true,
          "module": "crash",
          "module_offset": "0x0000000000014c9f",
          "offset": "0x0000000000414c9f",
          "trust": "scan",
          "unloaded_modules": null
        },
        {
          "file": null,
          "frame": 11,
          "function": null,
          "function_offset": null,
          "inlines": null,
          "line": null,
          "missing_symbols": true,
          "module": "crash",
          "module_offset": "0x0000000000001dbf",
          "offset": "0x0000000000401dbf",
          "trust": "scan",
          "unloaded_modules": null
        },
        {
          "file": null,
          "frame": 12,
          "function": null,
          "function_offset": null,
          "inlines": null,
          "line": null,
          "missing_symbols": true,
          "module": "crash",
          "module_offset": "0x0000000000001de8",
          "offset": "0x0000000000401de8",
          "trust": "scan",
          "unloaded_modules": null
        },
        {
          "file": null,
          "frame": 13,
          "function": null,
          "function_offset": null,
          "inlines": null,
          "line": null,
          "missing_symbols": true,
          "module": "crash",
          "module_offset": "0x000000000000003f",
          "offset": "0x000000000040003f",
          "trust": "scan",
          "unloaded_modules": null
        },
        {
          "file": null,
          "frame": 14,
          "function": null,
          "function_offset": null,
          "inlines": null,
          "line": null,
          "missing_symbols": true,
          "module": "crash",
          "module_offset": "0x0000000000001dbf",
          "offset": "0x0000000000401dbf",
          "trust": "scan",
          "unloaded_modules": null
        }
      ],
      "last_error_value": null,
      "thread_id": 1304,
      "thread_name": null
    }
  ],
  "unloaded_modules": []
}
